Microchip MPLAB XC8 Compiler V2.32

Linker command line:

-W-3 --edf=C:\Program Files\Microchip\xc8\v2.32\pic\dat\en_msgs.txt -cn \
  -h+dist/default/production\Step_Motor_Drive.X.production.sym \
  --cmf=dist/default/production\Step_Motor_Drive.X.production.cmf -z \
  -Q18F4520 -oC:\Users\BRUNOM~1\AppData\Local\Temp\xcAsevc.4 \
  --defsym=__MPLAB_BUILD=1 \
  -Mdist/default/production/Step_Motor_Drive.X.production.map -E1 \
  -ver=XC8 Compiler --acfsm=1493 -ASTACK=080h-05FFh -pstack=STACK \
  -ACODE=00h-07FFFh -ACONST=00h-07FFFh -ASMALLCONST=0600h-06FFhx122 \
  -AMEDIUMCONST=0600h-07FFFh -ACOMRAM=01h-07Fh -AABS1=00h-05FFh \
  -ABIGRAM=01h-05FFh -ARAM=080h-0FFh,0100h-01FFhx5 -ABANK0=080h-0FFh \
  -ABANK1=0100h-01FFh -ABANK2=0200h-02FFh -ABANK3=0300h-03FFh \
  -ABANK4=0400h-04FFh -ABANK5=0500h-05FFh -ASFR=0F80h-0FFFh \
  -ACONFIG=0300000h-030000Dh -AIDLOC=0200000h-0200007h \
  -AEEDATA=0F00000h-0F000FFh -peeprom_data=EEDATA \
  -preset_vec=00h,intcode,intcodelo,powerup,init -pramtop=0600h \
  -psmallconst=SMALLCONST -pmediumconst=MEDIUMCONST -pconst=CONST \
  -AFARRAM=00h-00h \
  -prdata=COMRAM,nvrram=COMRAM,nvbit=COMRAM,rbss=COMRAM,rbit=COMRAM \
  -pfarbss=FARRAM,fardata=FARRAM,nvFARRAM=FARRAM \
  -pintsave_regs=BIGRAM,bigbss=BIGRAM,bigdata=BIGRAM -pbss=RAM \
  -pidata=CODE,irdata=CODE,ibigdata=CODE,ifardata=CODE -prparam=COMRAM \
  C:\Users\BRUNOM~1\AppData\Local\Temp\xcAsevc.o \
  dist/default/production\Step_Motor_Drive.X.production.o 

Object code version is 3.11

Machine type is 18F4520



                Name                               Link     Load   Length Selector   Space Scale
C:\Users\BRUNOM~1\AppData\Local\Temp\xcAsevc.o
                idloc                            200000   200000        8        0       5
                config                           300000   300000        E        0       4
                init                                  0        0        4        0       0
dist/default/production\Step_Motor_Drive.X.production.o
                idloc                            200000   200000        8        0       5
                config                           300000   300000        E        0       4
                text5                              7EEC     7EEC       5C     3F76       0
                text4                              7F48     7F48       5C     3FA4       0
                text3                              7E8A     7E8A        E     3F45       0
                text2                              7E80     7E80        A     3F40       0
                text1                              7E98     7E98       12     3F4C       0
                text0                              7FA4     7FA4       5C     3FD2       0
                cstackCOMRAM                         1B       1B        2        1       1
                dataCOMRAM                            1        1       18        1       1
                bssCOMRAM                            19       19        2        1       1
                cinit                              7EC2     7EC2       2A     3F61       0
                idataCOMRAM                        7EAA     7EAA       18     7EAA       0

TOTAL           Name                               Link     Load   Length     Space
        CLASS   STACK          

        CLASS   CODE           
                init                                  0        0        4         0
                text5                              7EEC     7EEC       5C         0
                text4                              7F48     7F48       5C         0
                text3                              7E8A     7E8A        E         0
                text2                              7E80     7E80        A         0
                text1                              7E98     7E98       12         0
                text0                              7FA4     7FA4       5C         0
                cinit                              7EC2     7EC2       2A         0
                idataCOMRAM                        7EAA     7EAA       18         0

        CLASS   CONST          

        CLASS   SMALLCONST     

        CLASS   MEDIUMCONST    

        CLASS   COMRAM         
                cstackCOMRAM                         1B       1B        2         1
                dataCOMRAM                            1        1       18         1
                bssCOMRAM                            19       19        2         1

        CLASS   ABS1           

        CLASS   BIGRAM         

        CLASS   RAM            

        CLASS   BANK0          

        CLASS   BANK1          

        CLASS   BANK2          

        CLASS   BANK3          

        CLASS   BANK4          

        CLASS   BANK5          

        CLASS   SFR            

        CLASS   CONFIG         
                config                           300000   300000        E         4

        CLASS   IDLOC          
                idloc                            200000   200000        8         5

        CLASS   EEDATA         

        CLASS   FARRAM         



SEGMENTS        Name                           Load    Length   Top    Selector   Space  Class

                reset_vec                      000000  000004  000004         0       0  CODE    
                dataCOMRAM                     000001  00001C  00001D         1       1  COMRAM  
                text2                          007E80  00000A  007E8A      3F40       0  CODE    
                text3                          007E8A  00000E  007E98      3F45       0  CODE    
                text1                          007E98  000012  007EAA      3F4C       0  CODE    
                idataCOMRAM                    007EAA  000018  007EC2      7EAA       0  CODE    
                cinit                          007EC2  00002A  007EEC      3F61       0  CODE    
                text5                          007EEC  00005C  007F48      3F76       0  CODE    
                text4                          007F48  00005C  007FA4      3FA4       0  CODE    
                text0                          007FA4  00005C  008000      3FD2       0  CODE    


UNUSED ADDRESS RANGES

        Name                Unused          Largest block    Delta
        BANK0            000080-0000FF               80
        BANK1            000100-0001FF              100
        BANK2            000200-0002FF              100
        BANK3            000300-0003FF              100
        BANK4            000400-0004FF              100
        BANK5            000500-0005FF              100
        BIGRAM           00001D-0005FF              5E3
        CODE             000004-007E7F             7E7C
        COMRAM           00001D-00007F               63
        CONST            000004-007E7F             7E7C
        EEDATA           F00000-F000FF              100
        MEDIUMCONST      000600-007E7F             7880
        RAM              000080-0005FF              100
        SFR              000F80-000FFF               80
        SMALLCONST       000600-007E7F              100
        STACK            000080-0005FF              580

                                  Symbol Table

_ADCON1                  (abs)        000FC1
_FullMode                dataCOMRAM   000011
_Full_Step               text5        007EEC
_HalfMode                dataCOMRAM   000001
_Half_Step               text4        007F48
_OSCCON                  (abs)        000FD3
_OSCTUNE                 (abs)        000F9B
_PORTBbits               (abs)        000F81
_PORTD                   (abs)        000F83
_Stop_mode               text3        007E8A
_TRISB                   (abs)        000F93
_TRISD                   (abs)        000F95
__HRAM                   (abs)        000000
__Habs1                  abs1         000000
__Hbank0                 bank0        000000
__Hbank1                 bank1        000000
__Hbank2                 bank2        000000
__Hbank3                 bank3        000000
__Hbank4                 bank4        000000
__Hbank5                 bank5        000000
__Hbigbss                bigbss       000000
__Hbigdata               bigdata      000000
__Hbigram                bigram       000000
__Hbss                   bss          000000
__HbssCOMRAM             bssCOMRAM    000000
__Hcinit                 cinit        000000
__Hclrtext               clrtext      000000
__Hcomram                comram       000000
__Hconfig                config       30000E
__Hconst                 const        000000
__HcstackCOMRAM          cstackCOMRAM 000000
__Hdata                  data         000000
__HdataCOMRAM            dataCOMRAM   000000
__Heeprom_data           eeprom_data  000000
__Hfarbss                farbss       000000
__Hfardata               fardata      000000
__Hibigdata              ibigdata     000000
__Hidata                 idata        000000
__HidataCOMRAM           idataCOMRAM  000000
__Hidloc                 idloc        200008
__Hifardata              ifardata     000000
__Hinit                  init         000004
__Hintcode               intcode      000000
__Hintcode_body          intcode_body 000000
__Hintcodelo             intcodelo    000000
__Hintentry              intentry     000000
__Hintret                intret       000000
__Hintsave_regs          intsave_regs 000000
__Hirdata                irdata       000000
__Hmediumconst           mediumconst  000000
__HnvFARRAM              nvFARRAM     000000
__Hnvbit                 nvbit        000000
__Hnvrram                nvrram       000000
__Hparam                 rparam       000000
__Hpowerup               powerup      000000
__Hram                   ram          000000
__Hramtop                ramtop       000600
__Hrbit                  rbit         000000
__Hrbss                  rbss         000000
__Hrdata                 rdata        000000
__Hreset_vec             reset_vec    000000
__Hrparam                rparam       000000
__Hsfr                   sfr          000000
__Hsmallconst            smallconst   000000
__Hspace_0               (abs)        008000
__Hspace_1               (abs)        00001D
__Hspace_2               (abs)        000000
__Hspace_4               (abs)        60000E
__Hstack                 stack        000000
__Hstruct                struct       000000
__Htemp                  temp         000000
__Htext                  text         000000
__Htext0                 text0        000000
__Htext1                 text1        000000
__Htext2                 text2        000000
__Htext3                 text3        000000
__Htext4                 text4        000000
__Htext5                 text5        000000
__LRAM                   (abs)        000001
__Labs1                  abs1         000000
__Lbank0                 bank0        000000
__Lbank1                 bank1        000000
__Lbank2                 bank2        000000
__Lbank3                 bank3        000000
__Lbank4                 bank4        000000
__Lbank5                 bank5        000000
__Lbigbss                bigbss       000000
__Lbigdata               bigdata      000000
__Lbigram                bigram       000000
__Lbss                   bss          000000
__LbssCOMRAM             bssCOMRAM    000000
__Lcinit                 cinit        000000
__Lclrtext               clrtext      000000
__Lcomram                comram       000000
__Lconfig                config       000000
__Lconst                 const        000000
__LcstackCOMRAM          cstackCOMRAM 000000
__Ldata                  data         000000
__LdataCOMRAM            dataCOMRAM   000000
__Leeprom_data           eeprom_data  000000
__Lfarbss                farbss       000000
__Lfardata               fardata      000000
__Libigdata              ibigdata     000000
__Lidata                 idata        000000
__LidataCOMRAM           idataCOMRAM  000000
__Lidloc                 idloc        000000
__Lifardata              ifardata     000000
__Linit                  init         000000
__Lintcode               intcode      000000
__Lintcode_body          intcode_body 000000
__Lintcodelo             intcodelo    000000
__Lintentry              intentry     000000
__Lintret                intret       000000
__Lintsave_regs          intsave_regs 000000
__Lirdata                irdata       000000
__Lmediumconst           mediumconst  000000
__LnvFARRAM              nvFARRAM     000000
__Lnvbit                 nvbit        000000
__Lnvrram                nvrram       000000
__Lparam                 rparam       000000
__Lpowerup               powerup      000000
__Lram                   ram          000000
__Lramtop                ramtop       000600
__Lrbit                  rbit         000000
__Lrbss                  rbss         000000
__Lrdata                 rdata        000000
__Lreset_vec             reset_vec    000000
__Lrparam                rparam       000000
__Lsfr                   sfr          000000
__Lsmallconst            smallconst   000000
__Lspace_0               (abs)        000000
__Lspace_1               (abs)        000000
__Lspace_2               (abs)        000000
__Lspace_4               (abs)        000000
__Lstack                 stack        000000
__Lstruct                struct       000000
__Ltemp                  temp         000000
__Ltext                  text         000000
__Ltext0                 text0        000000
__Ltext1                 text1        000000
__Ltext2                 text2        000000
__Ltext3                 text3        000000
__Ltext4                 text4        000000
__Ltext5                 text5        000000
__S0                     (abs)        008000
__S1                     (abs)        00001D
__S2                     (abs)        000000
__S4                     (abs)        000000
__S5                     (abs)        000000
___inthi_sp              stack        000000
___intlo_sp              stack        000000
___param_bank            (abs)        000000
___rparam_used           (abs)        000001
___sp                    stack        000000
__accesstop              (abs)        000080
__activetblptr           (abs)        000000
__end_of_Full_Step       text5        007F48
__end_of_Half_Step       text4        007FA4
__end_of_Stop_mode       text3        007E98
__end_of__initialization cinit        007EE6
__end_of_config_FOSC     text2        007E8A
__end_of_config_IO       text1        007EAA
__end_of_main            text0        008000
__initialization         cinit        007EC2
__mediumconst            mediumconst  000000
__pbssCOMRAM             bssCOMRAM    000019
__pcinit                 cinit        007EC2
__pcstackCOMRAM          cstackCOMRAM 00001B
__pdataCOMRAM            dataCOMRAM   000001
__pidataCOMRAM           idataCOMRAM  007EAA
__ptext0                 text0        007FA4
__ptext1                 text1        007E98
__ptext2                 text2        007E80
__ptext3                 text3        007E8A
__ptext4                 text4        007F48
__ptext5                 text5        007EEC
__ramtop                 ramtop       000600
__size_of_Full_Step      (abs)        000000
__size_of_Half_Step      (abs)        000000
__size_of_Stop_mode      (abs)        000000
__size_of_config_FOSC    (abs)        000000
__size_of_config_IO      (abs)        000000
__size_of_main           (abs)        000000
__smallconst             smallconst   000000
_config_FOSC             text2        007E80
_config_IO               text1        007E98
_i                       bssCOMRAM    000019
_main                    text0        007FA4
end_of_initialization    cinit        007EE6
intlevel0                text         000000
intlevel1                text         000000
intlevel2                text         000000
intlevel3                text         000000
isa$std                  (abs)        000001
isa$xinst                (abs)        000000
stackhi                  (abs)        0005FF
stacklo                  (abs)        000080
start                    init         000000
start_initialization     cinit        007EC2


MODULE INFORMATION

Module		Function		Class		Link	Load	Size
shared
		__initialization		CODE           	7EC2	0000	36

shared estimated size: 36

StepMotor_program.c
		_Half_Step     		CODE           	7F48	0000	92
		_Stop_mode     		CODE           	7E8A	0000	14
		_main          		CODE           	7FA4	0000	92
		_config_IO     		CODE           	7E98	0000	18
		_config_FOSC   		CODE           	7E80	0000	10
		_Full_Step     		CODE           	7EEC	0000	92

StepMotor_program.c estimated size: 318

